// Jest Snapshot v1, https://goo.gl/fbAQLP

exports[`SearchBox Component should match snapshot 1`] = `
<div
  className="theme-root-2366926892 react-uwp-theme-dark"
>
  <RenderToBody
    className="fluent-background-3499734374"
  />
  <RenderToBody>
    <ToastWrapper />
  </RenderToBody>
  <SearchBox
    onChange={[MockFunction]}
    searchAction={[MockFunction]}
    value="value"
  />
</div>
`;
